C:\Users\LABORATORIO-P2\labclinic-nextjs>python -c "import pymysql; conn = pymysql.connect(host='192.168.1.109', port=3306, db='bioanalisis30', user='fasil2', password='f4s1l2', charset='utf8mb4'); cur = conn.cursor(); cur.execute('DESCRIBE pct_pacientes'); [print(r) for r in cur.fetchall()]; conn.close()"
('idPaciente', 'int(11)', 'NO', 'PRI', None, 'auto_increment')
('idEmpresa', 'int(11)', 'NO', 'MUL', None, '')
('idEdad', 'int(11)', 'NO', 'MUL', None, '')
('idDocumento', 'int(11)', 'NO', 'MUL', None, '')
('idCiudadRes', 'int(11)', 'YES', 'MUL', None, '')
('idCiudad', 'int(11)', 'YES', 'MUL', None, '')
('idProfesion', 'int(11)', 'YES', 'MUL', None, '')
('idSexo', 'int(11)', 'NO', 'MUL', None, '')
('idEstadoCivil', 'int(11)', 'YES', 'MUL', None, '')
('documento', 'varchar(20)', 'NO', 'MUL', None, '')
('nomPaciente', 'varchar(45)', 'NO', '', None, '')
('apePaciente', 'varchar(45)', 'NO', '', None, '')
('edad', 'int(11)', 'YES', '', None, '')
('fechaNacimiento', 'date', 'YES', '', None, '')
('direccion', 'varchar(100)', 'YES', '', None, '')
('email', 'varchar(45)', 'YES', '', None, '')
('telefono', 'varchar(20)', 'YES', '', None, '')
('pendDem', 'tinyint(4)', 'NO', '', '0', '')

C:\Users\LABORATORIO-P2\labclinic-nextjs>python -c "import pymysql; conn = pymysql.connect(host='192.168.1.109', port=3306, db='bioanalisis30', user='fasil2', password='f4s1l2', charset='utf8mb4'); cur = conn.cursor(); cur.execute('DESCRIBE gnr_documentos'); [print(r) for r in cur.fetchall()]; conn.close()"
('idDocumento', 'int(11)', 'NO', 'PRI', None, '')
('tipoDocumento', 'varchar(20)', 'YES', '', None, '')
('codDocumento', 'varchar(5)', 'YES', 'UNI', None, '')

C:\Users\LABORATORIO-P2\labclinic-nextjs>python -c "import pymysql; conn = pymysql.connect(host='192.168.1.109', port=3306, db='bioanalisis30', user='fasil2', password='f4s1l2', charset='utf8mb4'); cur = conn.cursor(); cur.execute('DESCRIBE svc_ordenes'); [print(r) for r in cur.fetchall()]; conn.close()"
('idOrden', 'int(8)', 'NO', 'PRI', None, '')
('orden', 'varchar(10)', 'NO', 'MUL', None, '')
('desc', 'varchar(2)', 'NO', 'MUL', 'OS', '')
('fecha', 'timestamp', 'NO', '', '0000-00-00 00:00:00', '')
('idPaciente', 'int(8)', 'NO', 'MUL', None, '')
('idEmpresa', 'int(5)', 'NO', 'MUL', None, '')
('idMedico', 'int(4)', 'NO', 'MUL', None, '')
('idSede', 'int(3)', 'NO', 'MUL', None, '')
('idEntrega', 'int(2)', 'NO', 'MUL', None, '')
('idPrioridad', 'int(2)', 'NO', 'MUL', None, '')
('historia', 'varchar(100)', 'NO', '', None, '')
('estado', 'int(1)', 'NO', '', None, '')
('enviado', 'int(1)', 'NO', '', None, '')
('pendAtCli', 'int(1)', 'NO', '', None, '')
('idUsuAten', 'int(11)', 'YES', 'MUL', None, '')
('facturado', 'int(1)', 'NO', '', None, '')
('domicilio', 'int(1)', 'NO', '', None, '')
('idEdad', 'int(11)', 'NO', 'MUL', None, '')
('edad', 'int(11)', 'NO', '', None, '')
('comentario', 'text', 'NO', '', None, '')
('aux1', 'varchar(255)', 'NO', '', None, '')
('aux2', 'varchar(255)', 'NO', '', None, '')

C:\Users\LABORATORIO-P2\labclinic-nextjs>python -c "import pymysql; conn = pymysql.connect(host='192.168.1.109', port=3306, db='bioanalisis30', user='fasil2', password='f4s1l2', charset='utf8mb4'); cur = conn.cursor(); cur.execute('DESCRIBE svc_detordenes'); [print(r) for r in cur.fetchall()]; conn.close()"
('idDetOrden', 'int(12)', 'NO', 'PRI', None, '')
('idOrden', 'int(8)', 'NO', 'MUL', None, '')
('idPrueba', 'int(8)', 'NO', 'MUL', None, '')
('muestra', 'int(2)', 'NO', '', None, '')
('muestra_prueba', 'int(2)', 'NO', '', None, '')
('tomada', 'tinyint(1)', 'NO', '', None, '')
('procesada', 'tinyint(1)', 'NO', '', None, '')
('resultado', 'tinyint(1)', 'NO', '', None, '')
('aprobada', 'tinyint(1)', 'NO', '', None, '')
('impreso', 'tinyint(1)', 'NO', '', None, '')
('idusuProceso', 'int(2)', 'YES', 'MUL', None, '')
('idusuApr', 'int(2)', 'YES', 'MUL', None, '')
('tiempoProc', 'timestamp', 'YES', '', None, '')
('fechaEnt', 'date', 'YES', '', None, '')
('idusurepro', 'int(2)', 'YES', 'MUL', None, '')
('idusunot', 'int(2)', 'YES', 'MUL', None, '')
('notaApr', 'varchar(60)', 'YES', '', None, '')
('comentario', 'varchar(255)', 'NO', '', None, '')
('hablarPat', 'int(1)', 'NO', '', None, '')
('timeApro', 'timestamp', 'YES', '', None, '')
('origenRes', 'int(1)', 'NO', '', None, '')
('idTecnica', 'int(2)', 'YES', 'MUL', None, '')
('estado', 'tinyint(1)', 'NO', '', None, '')
('idUsuToma', 'int(3)', 'YES', 'MUL', None, '')
('timeToma', 'timestamp', 'YES', '', None, '')
('idToma', 'int(11)', 'NO', 'MUL', '1', '')
('idDetLogTest', 'int(11)', 'YES', 'MUL', '0', '')
('nDisoluciones', 'int(3)', 'YES', '', None, '')
('nRepeticiones', 'int(3)', 'YES', '', None, '')
('fechaEntFin', 'timestamp', 'YES', '', None, '')
('aux1', 'varchar(255)', 'YES', '', None, '')
('aux2', 'varchar(255)', 'YES', '', None, '')

C:\Users\LABORATORIO-P2\labclinic-nextjs>python -c "import pymysql; conn = pymysql.connect(host='192.168.1.109', port=3306, db='bioanalisis30', user='fasil2', password='f4s1l2', charset='utf8mb4'); cur = conn.cursor(); cur.execute('DESCRIBE prb_prb'); [print(r) for r in cur.fetchall()]; conn.close()"
('idPrueba', 'int(8)', 'NO', 'PRI', None, '')
('idEspecimen', 'int(2)', 'NO', 'MUL', None, '')
('idSexo', 'int(2)', 'NO', 'MUL', None, '')
('idTapa', 'int(2)', 'NO', 'MUL', None, '')
('idTecnica', 'int(2)', 'NO', 'MUL', None, '')
('idSecc', 'int(2)', 'NO', 'MUL', None, '')
('cup', 'varchar(10)', 'NO', '', None, '')
('codLab', 'varchar(8)', 'NO', 'UNI', None, '')
('namePrueba', 'varchar(200)', 'NO', '', None, '')
('namePruebaing', 'varchar(200)', 'NO', '', None, '')
('duracion', 'int(2)', 'NO', '', None, '')
('numMuestras', 'int(2)', 'NO', '', None, '')
('ordpru', 'int(4)', 'NO', '', None, '')
('numCodigos', 'int(2)', 'NO', '', None, '')
('resultado', 'int(1)', 'NO', '', None, '')
('autoValidacion', 'int(1)', 'NO', '', None, '')
('calculada', 'int(1)', 'NO', '', None, '')
('state', 'int(11)', 'NO', '', '1', '')

C:\Users\LABORATORIO-P2\labclinic-nextjs>python -c "import pymysql; conn = pymysql.connect(host='192.168.1.109', port=3306, db='bioanalisis30', user='fasil2', password='f4s1l2', charset='utf8mb4'); cur = conn.cursor(); cur.execute('DESCRIBE svc_result'); [print(r) for r in cur.fetchall()]; conn.close()"
('id', 'int(11)', 'NO', 'PRI', None, '')
('idDetOrd', 'int(12)', 'NO', 'MUL', None, '')
('idCampo', 'int(11)', 'NO', 'MUL', None, '')
('idTipo', 'int(11)', 'NO', 'MUL', None, '')
('valor', 'varchar(255)', 'NO', '', None, '')
('validado', 'int(1)', 'NO', '', None, '')
('commentario', 'text', 'NO', '', None, '')
('fecha', 'timestamp', 'NO', '', 'CURRENT_TIMESTAMP', 'on update CURRENT_TIMESTAMP')